<?xml version="1.0" encoding="UTF-8"?>
<testsuites name="Mocha Tests" time="0.0040" tests="8" failures="0">
  <testsuite name="Root Suite" timestamp="2021-03-30T13:21:14" tests="0" time="0.0000" failures="0">
  </testsuite>
  <testsuite name="CalculService" timestamp="2021-03-30T13:21:15" tests="0" file="D:\Bureau\Etudes\EPSI\Tests\calculator\calculator\tests\fixtures\services\CalculService.test.js" time="0.0000" failures="0">
  </testsuite>
  <testsuite name="#addition" timestamp="2021-03-30T13:21:15" tests="1" file="D:\Bureau\Etudes\EPSI\Tests\calculator\calculator\tests\fixtures\services\CalculService.test.js" time="0.0000" failures="0">
    <testcase name="CalculService #addition should add values" time="0.0000" classname="should add values">
    </testcase>
  </testsuite>
  <testsuite name="#soustraction" timestamp="2021-03-30T13:21:15" tests="1" file="D:\Bureau\Etudes\EPSI\Tests\calculator\calculator\tests\fixtures\services\CalculService.test.js" time="0.0000" failures="0">
    <testcase name="CalculService #soustraction should substrat values" time="0.0000" classname="should substrat values">
    </testcase>
  </testsuite>
  <testsuite name="#multiplication" timestamp="2021-03-30T13:21:15" tests="1" file="D:\Bureau\Etudes\EPSI\Tests\calculator\calculator\tests\fixtures\services\CalculService.test.js" time="0.0000" failures="0">
    <testcase name="CalculService #multiplication should multiply values" time="0.0000" classname="should multiply values">
    </testcase>
  </testsuite>
  <testsuite name="#division" timestamp="2021-03-30T13:21:15" tests="2" file="D:\Bureau\Etudes\EPSI\Tests\calculator\calculator\tests\fixtures\services\CalculService.test.js" time="0.0010" failures="0">
    <testcase name="CalculService #division should divide values" time="0.0010" classname="should divide values">
    </testcase>
    <testcase name="CalculService #division should not divide by 0" time="0.0000" classname="should not divide by 0">
    </testcase>
  </testsuite>
  <testsuite name="#pourcentage" timestamp="2021-03-30T13:21:15" tests="2" file="D:\Bureau\Etudes\EPSI\Tests\calculator\calculator\tests\fixtures\services\CalculService.test.js" time="0.0030" failures="0">
    <testcase name="CalculService #pourcentage should return pourcentage" time="0.0020" classname="should return pourcentage">
    </testcase>
    <testcase name="CalculService #pourcentage should call div and mul" time="0.0010" classname="should call div and mul">
    </testcase>
  </testsuite>
  <testsuite name="#carre" timestamp="2021-03-30T13:21:15" tests="1" file="D:\Bureau\Etudes\EPSI\Tests\calculator\calculator\tests\fixtures\services\CalculService.test.js" time="0.0000" failures="0">
    <testcase name="CalculService #carre should return square" time="0.0000" classname="should return square">
    </testcase>
  </testsuite>
</testsuites>